PrismaClientKnownRequestError: 
Invalid `__TURBOPACK__imported__module__$5b$project$5d2f$src$2f$lib$2f$prisma$2e$ts__$5b$app$2d$route$5d$__$28$ecmascript$29$__["default"].project.findUnique()` invocation in
C:\Vs\pnp_crm\.next\dev\server\chunks\[root-of-the-server]__02j.hcz._.js:443:177

  440     }
  441 });
  442 // Check if a project already exists (idempotent)
→ 443 const existingProject = await __TURBOPACK__imported__module__$5b$project$5d2f$src$2f$lib$2f$prisma$2e$ts__$5b$app$2d$route$5d$__$28$ecmascript$29$__["default"].project.findUnique(
The table `main.Project` does not exist in the current database.
    at ei.handleRequestError (C:\Vs\pnp_crm\node_modules\@prisma\client\runtime\library.js:121:7268)
    at ei.handleAndLogRequestError (C:\Vs\pnp_crm\node_modules\@prisma\client\runtime\library.js:121:6593)
    at ei.request (C:\Vs\pnp_crm\node_modules\@prisma\client\runtime\library.js:121:6300)
    at async a (C:\Vs\pnp_crm\node_modules\@prisma\client\runtime\library.js:130:9551)
    at async POST (C:\Vs\pnp_crm\.next\dev\server\chunks\[root-of-the-server]__02j.hcz._.js:443:33)
    at async AppRouteRouteModule.do (C:\Vs\pnp_crm\node_modules\next\dist\compiled\next-server\app-route-turbo.runtime.dev.js:5:40115)
    at async AppRouteRouteModule.handle (C:\Vs\pnp_crm\node_modules\next\dist\compiled\next-server\app-route-turbo.runtime.dev.js:5:47321)
    at async responseGenerator (C:\Vs\pnp_crm\.next\dev\server\chunks\node_modules_next_04rukqc._.js:18297:38)
    at async AppRouteRouteModule.handleResponse (C:\Vs\pnp_crm\node_modules\next\dist\compiled\next-server\app-route-turbo.runtime.dev.js:1:227216)
    at async handleResponse (C:\Vs\pnp_crm\.next\dev\server\chunks\node_modules_next_04rukqc._.js:18360:32)
    at async Module.handler (C:\Vs\pnp_crm\.next\dev\server\chunks\node_modules_next_04rukqc._.js:18414:13)
    at async DevServer.renderToResponseWithComponentsImpl (C:\Vs\pnp_crm\node_modules\next\dist\server\base-server.js:1454:9)
    at async DevServer.renderPageComponent (C:\Vs\pnp_crm\node_modules\next\dist\server\base-server.js:1506:24)
    at async DevServer.renderToResponseImpl (C:\Vs\pnp_crm\node_modules\next\dist\server\base-server.js:1556:32)
    at async DevServer.pipeImpl (C:\Vs\pnp_crm\node_modules\next\dist\server\base-server.js:1043:25)
    at async NextNodeServer.handleCatchallRenderRequest (C:\Vs\pnp_crm\node_modules\next\dist\server\next-server.js:338:17)
    at async DevServer.handleRequestImpl (C:\Vs\pnp_crm\node_modules\next\dist\server\base-server.js:934:17)
    at async C:\Vs\pnp_crm\node_modules\next\dist\server\dev\next-dev-server.js:394:20
    at async Span.traceAsyncFn (C:\Vs\pnp_crm\node_modules\next\dist\trace\trace.js:164:20)
    at async DevServer.handleRequest (C:\Vs\pnp_crm\node_modules\next\dist\server\dev\next-dev-server.js:390:24)
    at async invokeRender (C:\Vs\pnp_crm\node_modules\next\dist\server\lib\router-server.js:266:21)
    at async handleRequest (C:\Vs\pnp_crm\node_modules\next\dist\server\lib\router-server.js:465:24)
    at async requestHandlerImpl (C:\Vs\pnp_crm\node_modules\next\dist\server\lib\router-server.js:514:13)
    at async Server.requestListener (C:\Vs\pnp_crm\node_modules\next\dist\server\lib\start-server.js:225:13)\nPrismaClientKnownRequestError: 
Invalid `__TURBOPACK__imported__module__$5b$project$5d2f$src$2f$lib$2f$prisma$2e$ts__$5b$app$2d$route$5d$__$28$ecmascript$29$__["default"].project.findUnique()` invocation in
C:\Vs\pnp_crm\.next\dev\server\chunks\[root-of-the-server]__02j.hcz._.js:443:177

  440     }
  441 });
  442 // Check if a project already exists (idempotent)
→ 443 const existingProject = await __TURBOPACK__imported__module__$5b$project$5d2f$src$2f$lib$2f$prisma$2e$ts__$5b$app$2d$route$5d$__$28$ecmascript$29$__["default"].project.findUnique(
The table `main.Project` does not exist in the current database.
    at ei.handleRequestError (C:\Vs\pnp_crm\node_modules\@prisma\client\runtime\library.js:121:7268)
    at ei.handleAndLogRequestError (C:\Vs\pnp_crm\node_modules\@prisma\client\runtime\library.js:121:6593)
    at ei.request (C:\Vs\pnp_crm\node_modules\@prisma\client\runtime\library.js:121:6300)
    at async a (C:\Vs\pnp_crm\node_modules\@prisma\client\runtime\library.js:130:9551)
    at async POST (C:\Vs\pnp_crm\.next\dev\server\chunks\[root-of-the-server]__02j.hcz._.js:443:33)
    at async AppRouteRouteModule.do (C:\Vs\pnp_crm\node_modules\next\dist\compiled\next-server\app-route-turbo.runtime.dev.js:5:40115)
    at async AppRouteRouteModule.handle (C:\Vs\pnp_crm\node_modules\next\dist\compiled\next-server\app-route-turbo.runtime.dev.js:5:47321)
    at async responseGenerator (C:\Vs\pnp_crm\.next\dev\server\chunks\node_modules_next_04rukqc._.js:18297:38)
    at async AppRouteRouteModule.handleResponse (C:\Vs\pnp_crm\node_modules\next\dist\compiled\next-server\app-route-turbo.runtime.dev.js:1:227216)
    at async handleResponse (C:\Vs\pnp_crm\.next\dev\server\chunks\node_modules_next_04rukqc._.js:18360:32)
    at async Module.handler (C:\Vs\pnp_crm\.next\dev\server\chunks\node_modules_next_04rukqc._.js:18414:13)
    at async DevServer.renderToResponseWithComponentsImpl (C:\Vs\pnp_crm\node_modules\next\dist\server\base-server.js:1454:9)
    at async DevServer.renderPageComponent (C:\Vs\pnp_crm\node_modules\next\dist\server\base-server.js:1506:24)
    at async DevServer.renderToResponseImpl (C:\Vs\pnp_crm\node_modules\next\dist\server\base-server.js:1556:32)
    at async DevServer.pipeImpl (C:\Vs\pnp_crm\node_modules\next\dist\server\base-server.js:1043:25)
    at async NextNodeServer.handleCatchallRenderRequest (C:\Vs\pnp_crm\node_modules\next\dist\server\next-server.js:338:17)
    at async DevServer.handleRequestImpl (C:\Vs\pnp_crm\node_modules\next\dist\server\base-server.js:934:17)
    at async C:\Vs\pnp_crm\node_modules\next\dist\server\dev\next-dev-server.js:394:20
    at async Span.traceAsyncFn (C:\Vs\pnp_crm\node_modules\next\dist\trace\trace.js:164:20)
    at async DevServer.handleRequest (C:\Vs\pnp_crm\node_modules\next\dist\server\dev\next-dev-server.js:390:24)
    at async invokeRender (C:\Vs\pnp_crm\node_modules\next\dist\server\lib\router-server.js:266:21)
    at async handleRequest (C:\Vs\pnp_crm\node_modules\next\dist\server\lib\router-server.js:465:24)
    at async requestHandlerImpl (C:\Vs\pnp_crm\node_modules\next\dist\server\lib\router-server.js:514:13)
    at async Server.requestListener (C:\Vs\pnp_crm\node_modules\next\dist\server\lib\start-server.js:225:13)\nPrismaClientKnownRequestError: 
Invalid `__TURBOPACK__imported__module__$5b$project$5d2f$src$2f$lib$2f$prisma$2e$ts__$5b$app$2d$route$5d$__$28$ecmascript$29$__["default"].project.findUnique()` invocation in
C:\Vs\pnp_crm\.next\dev\server\chunks\[root-of-the-server]__02j.hcz._.js:443:177

  440     }
  441 });
  442 // Check if a project already exists (idempotent)
→ 443 const existingProject = await __TURBOPACK__imported__module__$5b$project$5d2f$src$2f$lib$2f$prisma$2e$ts__$5b$app$2d$route$5d$__$28$ecmascript$29$__["default"].project.findUnique(
The table `main.Project` does not exist in the current database.
    at ei.handleRequestError (C:\Vs\pnp_crm\node_modules\@prisma\client\runtime\library.js:121:7268)
    at ei.handleAndLogRequestError (C:\Vs\pnp_crm\node_modules\@prisma\client\runtime\library.js:121:6593)
    at ei.request (C:\Vs\pnp_crm\node_modules\@prisma\client\runtime\library.js:121:6300)
    at async a (C:\Vs\pnp_crm\node_modules\@prisma\client\runtime\library.js:130:9551)
    at async POST (C:\Vs\pnp_crm\.next\dev\server\chunks\[root-of-the-server]__02j.hcz._.js:443:33)
    at async AppRouteRouteModule.do (C:\Vs\pnp_crm\node_modules\next\dist\compiled\next-server\app-route-turbo.runtime.dev.js:5:40115)
    at async AppRouteRouteModule.handle (C:\Vs\pnp_crm\node_modules\next\dist\compiled\next-server\app-route-turbo.runtime.dev.js:5:47321)
    at async responseGenerator (C:\Vs\pnp_crm\.next\dev\server\chunks\node_modules_next_04rukqc._.js:18297:38)
    at async AppRouteRouteModule.handleResponse (C:\Vs\pnp_crm\node_modules\next\dist\compiled\next-server\app-route-turbo.runtime.dev.js:1:227216)
    at async handleResponse (C:\Vs\pnp_crm\.next\dev\server\chunks\node_modules_next_04rukqc._.js:18360:32)
    at async Module.handler (C:\Vs\pnp_crm\.next\dev\server\chunks\node_modules_next_04rukqc._.js:18414:13)
    at async DevServer.renderToResponseWithComponentsImpl (C:\Vs\pnp_crm\node_modules\next\dist\server\base-server.js:1454:9)
    at async DevServer.renderPageComponent (C:\Vs\pnp_crm\node_modules\next\dist\server\base-server.js:1506:24)
    at async DevServer.renderToResponseImpl (C:\Vs\pnp_crm\node_modules\next\dist\server\base-server.js:1556:32)
    at async DevServer.pipeImpl (C:\Vs\pnp_crm\node_modules\next\dist\server\base-server.js:1043:25)
    at async NextNodeServer.handleCatchallRenderRequest (C:\Vs\pnp_crm\node_modules\next\dist\server\next-server.js:338:17)
    at async DevServer.handleRequestImpl (C:\Vs\pnp_crm\node_modules\next\dist\server\base-server.js:934:17)
    at async C:\Vs\pnp_crm\node_modules\next\dist\server\dev\next-dev-server.js:394:20
    at async Span.traceAsyncFn (C:\Vs\pnp_crm\node_modules\next\dist\trace\trace.js:164:20)
    at async DevServer.handleRequest (C:\Vs\pnp_crm\node_modules\next\dist\server\dev\next-dev-server.js:390:24)
    at async invokeRender (C:\Vs\pnp_crm\node_modules\next\dist\server\lib\router-server.js:266:21)
    at async handleRequest (C:\Vs\pnp_crm\node_modules\next\dist\server\lib\router-server.js:465:24)
    at async requestHandlerImpl (C:\Vs\pnp_crm\node_modules\next\dist\server\lib\router-server.js:514:13)
    at async Server.requestListener (C:\Vs\pnp_crm\node_modules\next\dist\server\lib\start-server.js:225:13)\n